################################################################################
#                                                                              #
#      IAR Universal Linker V6.3.4.78                                          #
#                                                                              #
#           Link time     =  04/Jan/2016  12:40:43                             #
#           Target CPU    =  MSP430                                            #
#           List file     =  C:\Users\旭民\Desktop\finalterm\Debug\List\final. #
#                            map                                               #
#           Output file 1 =  C:\Users\旭民\Desktop\finalterm\Debug\Exe\final.d #
#                            43                                                #
#                            Format: ubrof10                                   #
#                            UBROF version 10.0.6                              #
#                            Using library modules for C-SPY (-rt)             #
#           Command line  =  C:\Users\旭民\Desktop\finalterm\Debug\Obj\main.r4 #
#                            3                                                 #
#                            -o                                                #
#                            C:\Users\旭民\Desktop\finalterm\Debug\Exe\final.d #
#                            43                                                #
#                            -l                                                #
#                            C:\Users\旭民\Desktop\finalterm\Debug\List\final. #
#                            map                                               #
#                            -xms                                              #
#                            "-IC:\Program Files (x86)\IAR Systems\Embedded Wo #
#                            rkbench 7.3\430\LIB\"                             #
#                            -f                                                #
#                            "C:\Program Files (x86)\IAR Systems\Embedded Work #
#                            bench 7.3\430\config\linker\lnk430f5529.xcl"      #
#                            (-cmsp430 -D?CPU30_OFFSET=2 -QCODE_I=CODE_ID      #
#                            -QTLS16_I=TLS16_ID -D__iar_HWMUL=4C0              #
#                            -Z(CONST)INFO=1800-19FF                           #
#                            -Z(CONST)INFOA=1980-19FF                          #
#                            -Z(CONST)INFOB=1900-197F                          #
#                            -Z(CONST)INFOC=1880-18FF                          #
#                            -Z(CONST)INFOD=1800-187F                          #
#                            -Z(DATA)USBRAM=1C00-23FF                          #
#                            -Z(DATA)DATA16_I,DATA16_Z,DATA16_N,TLS16_I=2400-4 #
#                            3FF                                               #
#                            -Z(DATA)DATA16_HEAP+_DATA16_HEAP_SIZE             #
#                            -Z(DATA)CODE_I                                    #
#                            -Z(DATA)DATA20_I,DATA20_Z,DATA20_N,DATA20_HEAP+_D #
#                            ATA20_HEAP_SIZE                                   #
#                            -Z(DATA)CSTACK+_STACK_SIZE#                       #
#                            -Z(CONST)DATA16_C,DATA16_ID,TLS16_ID,DIFUNCT,CHEC #
#                            KSUM=4400-FF7F                                    #
#                            -Z(CODE)CSTART,ISR_CODE,CODE16=4400-FF7F          #
#                            -P(CODE)CODE=4400-FF7F,10000-243FF                #
#                            -Z(CONST)DATA20_C,DATA20_ID,CODE_ID=4400-FF7F,100 #
#                            40-243FF                                          #
#                            -Z(CODE)INTVEC=FF80-FFFF                          #
#                            -Z(CODE)RESET=FFFE-FFFF) -f                       #
#                            "C:\Program Files (x86)\IAR Systems\Embedded Work #
#                            bench 7.3\430\config\linker\multiplier32.xcl"     #
#                            (-e?Mul8Hw=?Mul8 -e?Mul16Hw=?Mul16                #
#                            -e?Mul16to32uHw=?Mul16to32u                       #
#                            -e?Mul16to32sHw=?Mul16to32s -e?Mul32Hw32=?Mul32   #
#                            -e?Mul64Hw32=_Mul64i                              #
#                            -e?Mul32u32uto64iHw32=_Mul32u32uto64i             #
#                            -e?Mul32fHw32=_Mul32f                             #
#                            -e_Mul64fHw32Ptr=_Mul64fPtr) -D_STACK_SIZE=A0     #
#                            -rt                                               #
#                            "C:\Program Files (x86)\IAR Systems\Embedded Work #
#                            bench 7.3\430\lib\dlib\dl430xlsfn.r43"            #
#                            -e_PrintfLarge=_Printf -e_ScanfLarge=_Scanf       #
#                            -D_DATA16_HEAP_SIZE=A0 -s __program_start         #
#                            -D_DATA20_HEAP_SIZE=50                            #
#                                                                              #
#                           Copyright (C) 1987-2015 IAR Systems AB.            #
################################################################################





                ****************************************
                *                                      *
                *           CROSS REFERENCE            *
                *                                      *
                ****************************************

       Program entry at :           4466  Relocatable, from module : ?cstart




                ****************************************
                *                                      *
                *            RUNTIME MODEL             *
                *                                      *
                ****************************************

  __Heap_Handler             = Basic
  __SystemLibrary            = DLib
  __code_model               = large
  __core                     = 430X
  __data_model               = small
  __dlib_file_descriptor     = 0
  __dlib_full_locale_support = 0
  __double_size              = 32
  __pic                      = no
  __reg_r4                   = free
  __reg_r5                   = free
  __rt_version               = 3

                ****************************************
                *                                      *
                *    AUTOMATIC SYMBOL REDIRECTIONS     *
                *                                      *
                ****************************************

                  There are no automatic symbol redirections.



                ****************************************
                *                                      *
                *              MODULE MAP              *
                *                                      *
                ****************************************


  DEFINED ABSOLUTE ENTRIES
    *************************************************************************

  DEFINED ABSOLUTE ENTRIES
  PROGRAM MODULE, NAME : ?ABS_ENTRY_MOD

Absolute parts
           ENTRY                   ADDRESS         REF BY
           =====                   =======         ======
           _DATA20_HEAP_SIZE       0050 
           _DATA16_HEAP_SIZE       00A0 
           _STACK_SIZE             00A0 
           __iar_HWMUL             04C0 
           ?CPU30_OFFSET           0002 
    *************************************************************************

  FILE NAME : C:\Users\旭民\Desktop\finalterm\Debug\Obj\main.r43
  PROGRAM MODULE, NAME : main

  SEGMENTS IN THE MODULE
  ======================
DATA16_AN
  Relative segment, address: 0222 - 0223 (0x2 bytes), align: 0
  Segment part 1. ROOT        Intra module refs:   TIMER0_A0_ISR
                                                   TIMER0_B1_ISR
                                                   main
           ENTRY                   ADDRESS         REF BY
           =====                   =======         ======
           _A_PBOUT                0222 
           LOCAL                   ADDRESS         
           =====                   =======         
           P3OUT                   0222 
           P3OUT_bit               0222 
           P4OUT                   0223 
           P4OUT_bit               0223 
           PBOUT                   0222 
           PBOUT_H                 0223 
           PBOUT_L                 0222 
           PBOUT_bit               0222 
    -------------------------------------------------------------------------
DATA16_AN
  Relative segment, address: 0224 - 0225 (0x2 bytes), align: 0
  Segment part 2. ROOT        Intra module refs:   main
           ENTRY                   ADDRESS         REF BY
           =====                   =======         ======
           _A_PBDIR                0224 
           LOCAL                   ADDRESS         
           =====                   =======         
           P3DIR                   0224 
           P3DIR_bit               0224 
           P4DIR                   0225 
           P4DIR_bit               0225 
           PBDIR                   0224 
           PBDIR_H                 0225 
           PBDIR_L                 0224 
           PBDIR_bit               0224 
    -------------------------------------------------------------------------
DATA16_AN
  Relative segment, address: 0340 - 0341 (0x2 bytes), align: 0
  Segment part 3. ROOT        Intra module refs:   TIMER0_B1_ISR
           ENTRY                   ADDRESS         REF BY
           =====                   =======         ======
           _A_TA0CTL               0340 
           LOCAL                   ADDRESS         
           =====                   =======         
           TA0CTL                  0340 
           TA0CTL_bit              0340 
    -------------------------------------------------------------------------
DATA16_AN
  Relative segment, address: 0342 - 0343 (0x2 bytes), align: 0
  Segment part 4. ROOT        Intra module refs:   TIMER0_A0_ISR
                                                   TIMER0_B1_ISR
           ENTRY                   ADDRESS         REF BY
           =====                   =======         ======
           _A_TA0CCTL0             0342 
           LOCAL                   ADDRESS         
           =====                   =======         
           TA0CCTL0                0342 
           TA0CCTL0_bit            0342 
    -------------------------------------------------------------------------
DATA16_AN
  Relative segment, address: 0352 - 0353 (0x2 bytes), align: 0
  Segment part 5. ROOT        Intra module refs:   TIMER0_B1_ISR
           ENTRY                   ADDRESS         REF BY
           =====                   =======         ======
           TA0CCR0                 0352 
    -------------------------------------------------------------------------
DATA16_AN
  Relative segment, address: 03C0 - 03C1 (0x2 bytes), align: 0
  Segment part 6. ROOT        Intra module refs:   TIMER0_A0_ISR
                                                   TIMER0_B1_ISR
                                                   main
           ENTRY                   ADDRESS         REF BY
           =====                   =======         ======
           _A_TB0CTL               03C0 
           LOCAL                   ADDRESS         
           =====                   =======         
           TB0CTL                  03C0 
           TB0CTL_bit              03C0 
    -------------------------------------------------------------------------
DATA16_AN
  Relative segment, address: 03E0 - 03E1 (0x2 bytes), align: 0
  Segment part 7. ROOT        Intra module refs:   main
           ENTRY                   ADDRESS         REF BY
           =====                   =======         ======
           _A_TB0EX0               03E0 
           LOCAL                   ADDRESS         
           =====                   =======         
           TB0EX0                  03E0 
           TB0EX0_bit              03E0 
    -------------------------------------------------------------------------
DATA16_AN
  Relative segment, address: 03EE - 03EF (0x2 bytes), align: 0
  Segment part 8. ROOT        Intra module refs:   TIMER0_B1_ISR
           ENTRY                   ADDRESS         REF BY
           =====                   =======         ======
           TB0IV                   03EE 
    -------------------------------------------------------------------------
DATA16_AN
  Relative segment, address: 016A - 016B (0x2 bytes), align: 0
  Segment part 9. ROOT        Intra module refs:   main
           ENTRY                   ADDRESS         REF BY
           =====                   =======         ======
           _A_UCSCTL5              016A 
           LOCAL                   ADDRESS         
           =====                   =======         
           UCSCTL5                 016A 
           UCSCTL5_H               016B 
           UCSCTL5_L               016A 
           UCSCTL5_bit             016A 
    -------------------------------------------------------------------------
DATA16_AN
  Relative segment, address: 015C - 015D (0x2 bytes), align: 0
  Segment part 10. ROOT       Intra module refs:   main
           ENTRY                   ADDRESS         REF BY
           =====                   =======         ======
           _A_WDTCTL               015C 
           LOCAL                   ADDRESS         
           =====                   =======         
           WDTCTL                  015C 
           WDTCTL_H                015D 
           WDTCTL_L                015C 
           WDTCTL_bit              015C 
    -------------------------------------------------------------------------
DATA16_I
  Relative segment, address: 2400 - 2401 (0x2 bytes), align: 1
  Segment part 15.            Intra module refs:   setString
           ENTRY                   ADDRESS         REF BY
           =====                   =======         ======
           filter                  2400 
    -------------------------------------------------------------------------
DATA16_Z
  Relative segment, address: 2460 - 2461 (0x2 bytes), align: 1
  Segment part 17.            Intra module refs:   setString
           ENTRY                   ADDRESS         REF BY
           =====                   =======         ======
           string_index            2460 
    -------------------------------------------------------------------------
DATA16_Z
  Relative segment, address: 2462 - 2463 (0x2 bytes), align: 1
  Segment part 18.            Intra module refs:   TIMER0_B1_ISR
           ENTRY                   ADDRESS         REF BY
           =====                   =======         ======
           index                   2462 
    -------------------------------------------------------------------------
DATA16_Z
  Relative segment, address: 2464 - 2465 (0x2 bytes), align: 1
  Segment part 19.            Intra module refs:   TIMER0_B1_ISR
           ENTRY                   ADDRESS         REF BY
           =====                   =======         ======
           count                   2464 
    -------------------------------------------------------------------------
DATA16_Z
  Relative segment, address: 2474 - 2474 (0x1 bytes), align: 0
  Segment part 20.            Intra module refs:   setChar
           ENTRY                   ADDRESS         REF BY
           =====                   =======         ======
           change                  2474 
    -------------------------------------------------------------------------
DATA16_Z
  Relative segment, address: 2466 - 2467 (0x2 bytes), align: 1
  Segment part 21.            Intra module refs:   setChar
           ENTRY                   ADDRESS         REF BY
           =====                   =======         ======
           leng                    2466 
    -------------------------------------------------------------------------
DATA16_Z
  Relative segment, address: 2475 - 2479 (0x5 bytes), align: 0
  Segment part 22.            Intra module refs:   TIMER0_B1_ISR
                                                   setChar
           ENTRY                   ADDRESS         REF BY
           =====                   =======         ======
           progress_line           2475 
    -------------------------------------------------------------------------
DATA16_Z
  Relative segment, address: 2468 - 2471 (0xa bytes), align: 1
  Segment part 23.            Intra module refs:   TIMER0_B1_ISR
                                                   setChar
           ENTRY                   ADDRESS         REF BY
           =====                   =======         ======
           progress_line_len       2468 
    -------------------------------------------------------------------------
DATA16_Z
  Relative segment, address: 2472 - 2473 (0x2 bytes), align: 1
  Segment part 24.            Intra module refs:   TIMER0_B1_ISR
                                                   main
                                                   setChar
           ENTRY                   ADDRESS         REF BY
           =====                   =======         ======
           progress_line_index     2472 
    -------------------------------------------------------------------------
DATA16_I
  Relative segment, address: 2446 - 245F (0x1a bytes), align: 0
  Segment part 25.            Intra module refs:   setChar
           LOCAL                   ADDRESS         
           =====                   =======         
           table                   2446 
    -------------------------------------------------------------------------
DATA16_I
  Relative segment, address: 2402 - 2435 (0x34 bytes), align: 1
  Segment part 27.            Intra module refs:   setChar
           LOCAL                   ADDRESS         
           =====                   =======         
           len_table               2402 
    -------------------------------------------------------------------------
DATA16_I
  Relative segment, address: 2436 - 2445 (0x10 bytes), align: 1
  Segment part 29.            Intra module refs:   TIMER0_B1_ISR
           ENTRY                   ADDRESS         REF BY
           =====                   =======         ======
           compare                 2436 
    -------------------------------------------------------------------------
<CODE> 1 (was CODE)
  Relative segment, address: 4548 - 474B (0x204 bytes), align: 1
  Segment part 31.            Intra module refs:   setString
           ENTRY                   ADDRESS         REF BY
           =====                   =======         ======
           setChar                 4548 
    -------------------------------------------------------------------------
<CODE> 1 (was CODE)
  Relative segment, address: 47B8 - 47E1 (0x2a bytes), align: 1
  Segment part 32.            Intra module refs:   main
           ENTRY                   ADDRESS         REF BY
           =====                   =======         ======
           setString               47B8 
               calls direct
    -------------------------------------------------------------------------
ISR_CODE
  Relative segment, address: 448E - 4535 (0xa8 bytes), align: 1
  Segment part 34.            Intra module refs:   TIMER0_B1_ISR::??INTVEC 116
           ENTRY                   ADDRESS         REF BY
           =====                   =======         ======
           TIMER0_B1_ISR           448E 
               interrupt function
               calls direct
    -------------------------------------------------------------------------
ISR_CODE
  Relative segment, address: 4536 - 4547 (0x12 bytes), align: 1
  Segment part 35.            Intra module refs:   TIMER0_A0_ISR::??INTVEC 106
           ENTRY                   ADDRESS         REF BY
           =====                   =======         ======
           TIMER0_A0_ISR           4536 
               interrupt function
    -------------------------------------------------------------------------
<CODE> 1 (was CODE)
  Relative segment, address: 474C - 4787 (0x3c bytes), align: 1
  Segment part 33.
           ENTRY                   ADDRESS         REF BY
           =====                   =======         ======
           main                    474C            Segment part 26 (?cstart)
               calls direct
    -------------------------------------------------------------------------
INTVEC
  Common segment, address: FF80 - FFEB (0x6c bytes), align: 1
  Segment part 11. ROOT 
           ENTRY                   ADDRESS         REF BY
           =====                   =======         ======
           TIMER0_A0_ISR::??INTVEC 106
                                   FFEA 
    -------------------------------------------------------------------------
INTVEC
  Common segment, address: FF80 - FFF5 (0x76 bytes), align: 1
  Segment part 12. ROOT 
           ENTRY                   ADDRESS         REF BY
           =====                   =======         ======
           TIMER0_B1_ISR::??INTVEC 116
                                   FFF4 
    -------------------------------------------------------------------------
DATA16_ID
  Relative segment, address: 4406 - 4407 (0x2 bytes), align: 1
  Segment part 16.            Intra module refs:   filter
    -------------------------------------------------------------------------
DATA16_ID
  Relative segment, address: 444C - 4465 (0x1a bytes), align: 0
  Segment part 26.            Intra module refs:   table
    -------------------------------------------------------------------------
DATA16_ID
  Relative segment, address: 4408 - 443B (0x34 bytes), align: 1
  Segment part 28.            Intra module refs:   len_table
    -------------------------------------------------------------------------
DATA16_ID
  Relative segment, address: 443C - 444B (0x10 bytes), align: 1
  Segment part 30.            Intra module refs:   compare
    -------------------------------------------------------------------------
DATA16_C
  Relative segment, address: 4400 - 4405 (0x6 bytes), align: 0
  Segment part 14.            Intra module refs:   main

    *************************************************************************

  FILE NAME : C:\Program Files (x86)\IAR Systems\Embedded Workbench 7.3\430\lib\dlib\dl430xlsfn.r43
  LIBRARY MODULE, NAME : ?__dbg_break

  SEGMENTS IN THE MODULE
  ======================
<CODE> 1 (was CODE)
  Relative segment, address: 483C - 483D (0x2 bytes), align: 1
  Segment part 2.
           ENTRY                   ADDRESS         REF BY
           =====                   =======         ======
           __DebugBreak            483C            __exit (?__exit)

    -------------------------------------------------------------------------
  LIBRARY MODULE, NAME : ?__exit

  SEGMENTS IN THE MODULE
  ======================
<CODE> 1 (was CODE)
  Relative segment, address: 47FA - 480D (0x14 bytes), align: 1
  Segment part 2.
           ENTRY                   ADDRESS         REF BY
           =====                   =======         ======
           __exit                  47FA            Segment part 6 (?_exit)
                                                   _exit (?_exit)
               calls direct

    -------------------------------------------------------------------------
  LIBRARY MODULE, NAME : ?_exit

  SEGMENTS IN THE MODULE
  ======================
<CODE> 1 (was CODE)
  Relative segment, address: 4830, align: 1
  Segment part 0.
           ENTRY                   ADDRESS         REF BY
           =====                   =======         ======
           _exit                   4830            exit (?exit)
    -------------------------------------------------------------------------
<CODE> 1 (was CODE)
  Relative segment, address: 4830 - 4833 (0x4 bytes), align: 1
  Segment part 6.             Intra module refs:   _exit

    -------------------------------------------------------------------------
  LIBRARY MODULE, NAME : ?cstart

  SEGMENTS IN THE MODULE
  ======================
CSTACK
  Relative segment, address: 4360, align: 1
  Segment part 1.
    -------------------------------------------------------------------------
DATA16_Z
  Relative segment, address: 2474, align: 1
  Segment part 2.
    -------------------------------------------------------------------------
DATA16_I
  Relative segment, address: 2446, align: 1
  Segment part 3.
    -------------------------------------------------------------------------
DATA16_ID
  Relative segment, address: 444C, align: 1
  Segment part 4.
    -------------------------------------------------------------------------
CODE_I
  Relative segment, address: 247A, align: 1
  Segment part 5.
    -------------------------------------------------------------------------
CODE_ID
  Relative segment, address: 483E, align: 1
  Segment part 6.
    -------------------------------------------------------------------------
DATA20_Z
  Relative segment, address: 247A, align: 1
  Segment part 7.
    -------------------------------------------------------------------------
DATA20_I
  Relative segment, address: 247A, align: 1
  Segment part 8.
    -------------------------------------------------------------------------
DATA20_ID
  Relative segment, address: 483E, align: 1
  Segment part 9.
    -------------------------------------------------------------------------
DATA20_C
  Relative segment, address: 483E, align: 1
  Segment part 10.
    -------------------------------------------------------------------------
DATA20_N
  Relative segment, address: 247A, align: 1
  Segment part 12.
    -------------------------------------------------------------------------
CSTART
  Relative segment, address: 4466 - 4469 (0x4 bytes), align: 1
  Segment part 15.
           ENTRY                   ADDRESS         REF BY
           =====                   =======         ======
           __program_start         4466            ?reset_vector (?reset_vector)
                                                   Absolute parts (?ABS_ENTRY_MOD)
           ?cstart_begin           4466 
    -------------------------------------------------------------------------
CSTART
  Relative segment, address: 446A - 4475 (0xc bytes), align: 1
  Segment part 19.
           ENTRY                   ADDRESS         REF BY
           =====                   =======         ======
           ?cstart_init_zero       446A            change (main)
                                                   count (main)
                                                   index (main)
                                                   leng (main)
                                                   progress_line (main)
                                                   progress_line_index (main)
                                                   progress_line_len (main)
                                                   string_index (main)
    -------------------------------------------------------------------------
CSTART
  Relative segment, address: 4476 - 4485 (0x10 bytes), align: 1
  Segment part 20.
           ENTRY                   ADDRESS         REF BY
           =====                   =======         ======
           ?cstart_init_copy       4476            compare (main)
                                                   filter (main)
                                                   len_table (main)
                                                   table (main)
    -------------------------------------------------------------------------
CSTART
  Relative segment, address: 4486 - 448D (0x8 bytes), align: 1
  Segment part 26.            Intra module refs:   Segment part 15
           ENTRY                   ADDRESS         REF BY
           =====                   =======         ======
           ?cstart_call_main       4486 
           ?cstart_end             448E 
    -------------------------------------------------------------------------
CODE_ID
  Relative segment, address: 483E, align: 1
  Segment part 27.            Intra module refs:   Segment part 5

    -------------------------------------------------------------------------
  LIBRARY MODULE, NAME : ?reset_vector

  SEGMENTS IN THE MODULE
  ======================
RESET
  Relative segment, address: FFFE - FFFF (0x2 bytes), align: 1
  Segment part 0.
           ENTRY                   ADDRESS         REF BY
           =====                   =======         ======
           ?reset_vector           FFFE            Segment part 15 (?cstart)

    -------------------------------------------------------------------------
  LIBRARY MODULE, NAME : ?exit

  SEGMENTS IN THE MODULE
  ======================
<CODE> 1 (was CODE)
  Relative segment, address: 4834 - 4837 (0x4 bytes), align: 1
  Segment part 2.
           ENTRY                   ADDRESS         REF BY
           =====                   =======         ======
           exit                    4834            Segment part 26 (?cstart)
               calls direct

    -------------------------------------------------------------------------
  LIBRARY MODULE, NAME : ?DivMod816u

  SEGMENTS IN THE MODULE
  ======================
<CODE> 1 (was CODE)
  Relative segment, address: 47E2 - 47F9 (0x18 bytes), align: 1
  Segment part 1.
           ENTRY                   ADDRESS         REF BY
           =====                   =======         ======
           ?DivMod16u              47E2            ?DivMod16s (?DivMod816s)

    -------------------------------------------------------------------------
  LIBRARY MODULE, NAME : ?DivMod816s

  SEGMENTS IN THE MODULE
  ======================
<CODE> 1 (was CODE)
  Relative segment, address: 4788 - 47B7 (0x30 bytes), align: 1
  Segment part 1.
           ENTRY                   ADDRESS         REF BY
           =====                   =======         ======
           ?DivMod16s              4788            TIMER0_B1_ISR (main)

    -------------------------------------------------------------------------
  LIBRARY MODULE, NAME : ?memcpy

  SEGMENTS IN THE MODULE
  ======================
<CODE> 1 (was CODE)
  Relative segment, address: 480E - 481F (0x12 bytes), align: 1
  Segment part 2.
           ENTRY                   ADDRESS         REF BY
           =====                   =======         ======
           memcpy                  480E            __data16_memcpy (?memzero)

    -------------------------------------------------------------------------
  LIBRARY MODULE, NAME : ?memzero

  SEGMENTS IN THE MODULE
  ======================
<CODE> 1 (was CODE)
  Relative segment, address: 4820 - 482F (0x10 bytes), align: 1
  Segment part 2.
           ENTRY                   ADDRESS         REF BY
           =====                   =======         ======
           __data16_memzero        4820            ?cstart_init_zero (?cstart)
    -------------------------------------------------------------------------
<CODE> 1 (was CODE)
  Relative segment, address: 4838 - 483B (0x4 bytes), align: 1
  Segment part 3.
           ENTRY                   ADDRESS         REF BY
           =====                   =======         ======
           __data16_memcpy         4838            ?cstart_init_copy (?cstart)
               calls direct




                ****************************************
                *                                      *
                *      SEGMENTS IN ADDRESS ORDER       *
                *                                      *
                ****************************************


SEGMENT              SPACE    START ADDRESS   END ADDRESS     SIZE  TYPE  ALIGN
=======              =====    =============   ===========     ====  ====  =====
DATA16_AN                              015C - 015D               2   rel    0
                                       016A - 016B               2 
                                       0222 - 0225               4 
                                       0340 - 0343               4 
                                       0352 - 0353               2 
                                       03C0 - 03C1               2 
                                       03E0 - 03E1               2 
                                       03EE - 03EF               2 
DATA16_I                               2400 - 245F              60   rel    1
DATA16_Z                               2460 - 2479              1A   rel    1
DATA20_N                                  247A                       rel    1
DATA20_Z                                  247A                       rel    1
CODE_I                                    247A                       rel    1
DATA20_I                                  247A                       rel    1
CSTACK                                 4360 - 43FF              A0   rel    1
DATA16_C                               4400 - 4405               6   rel    0
DATA16_ID                              4406 - 4465              60   rel    1
CSTART                                 4466 - 448D              28   rel    1
ISR_CODE                               448E - 4547              BA   rel    1
<CODE> 1                               4548 - 483D             2F6   rel    1
DATA20_ID                                 483E                       rel    1
DATA20_C                                  483E                       rel    1
CODE_ID                                   483E                       rel    1
INTVEC                                 FF80 - FFF5              76   com    1
RESET                                  FFFE - FFFF               2   rel    1

                ****************************************
                *                                      *
                *        END OF CROSS REFERENCE        *
                *                                      *
                ****************************************

 1 104 bytes of CODE  memory
   282 bytes of DATA  memory (+ 20 absolute )
   102 bytes of CONST memory

Errors: none
Warnings: none

